=== wariant v1 ===
WARN 607: attempt 1/4: HTTP 401: {"detail":{"type":"invalid_request","code":"quota_exceeded","message":"This request exceeds your quota of 10000. You have 0 credits remaining, while 40 credits are required for this request.","status":"quota_exceeded","request_id":"0a780f0d9bfc54283103aecca8570186"}}
WARN 607: attempt 2/4: HTTP 401: {"detail":{"type":"invalid_request","code":"quota_exceeded","message":"This request exceeds your quota of 10000. You have 0 credits remaining, while 40 credits are required for this request.","status":"quota_exceeded","request_id":"b5187926482fec98dce39dc9816f993e"}}
WARN 607: attempt 3/4: HTTP 401: {"detail":{"type":"invalid_request","code":"quota_exceeded","message":"This request exceeds your quota of 10000. You have 0 credits remaining, while 40 credits are required for this request.","status":"quota_exceeded","request_id":"918a655e615678f4e2748cc40ef61aed"}}
WARN 607: attempt 4/4: HTTP 401: {"detail":{"type":"invalid_request","code":"quota_exceeded","message":"This request exceeds your quota of 10000. You have 0 credits remaining, while 40 credits are required for this request.","status":"quota_exceeded","request_id":"25c36d802e2637385b5c9ff1a7563dc8"}}
selected 2 scenario(s)
OK 157: variants/r094/v1/157.mp3 (65245 bytes)
done: generated=1, skipped=0, failed=1
=== wariant v2 ===
WARN 157: attempt 1/4: HTTP 401: {"detail":{"type":"invalid_request","code":"quota_exceeded","message":"This request exceeds your quota of 10000. You have 0 credits remaining, while 40 credits are required for this request.","status":"quota_exceeded","request_id":"fe37f6139c81e973d570c8bce63219da"}}
WARN 157: attempt 2/4: HTTP 401: {"detail":{"type":"invalid_request","code":"quota_exceeded","message":"This request exceeds your quota of 10000. You have 0 credits remaining, while 40 credits are required for this request.","status":"quota_exceeded","request_id":"a0035fe12afb6307b621e74859528ed0"}}
WARN 157: attempt 3/4: HTTP 401: {"detail":{"type":"invalid_request","code":"quota_exceeded","message":"This request exceeds your quota of 10000. You have 0 credits remaining, while 40 credits are required for this request.","status":"quota_exceeded","request_id":"49a23e32d3c6fe4d8d4b146539f55fc3"}}
WARN 157: attempt 4/4: HTTP 401: {"detail":{"type":"invalid_request","code":"quota_exceeded","message":"This request exceeds your quota of 10000. You have 0 credits remaining, while 40 credits are required for this request.","status":"quota_exceeded","request_id":"f0e7007cc209641a45f3df1b72c20efe"}}
WARN 607: attempt 1/4: HTTP 401: {"detail":{"type":"invalid_request","code":"quota_exceeded","message":"This request exceeds your quota of 10000. You have 0 credits remaining, while 40 credits are required for this request.","status":"quota_exceeded","request_id":"5b575d315f06bae195f8401e6fdcf569"}}
selected 2 scenario(s)
OK 607: variants/r094/v2/607.mp3 (65245 bytes)
done: generated=1, skipped=0, failed=1
=== wariant v3 ===
WARN 157: attempt 1/4: HTTP 401: {"detail":{"type":"invalid_request","code":"quota_exceeded","message":"This request exceeds your quota of 10000. You have 0 credits remaining, while 40 credits are required for this request.","status":"quota_exceeded","request_id":"1afe1abce330c4f679b27a68a2651eed"}}
WARN 157: attempt 2/4: HTTP 401: {"detail":{"type":"invalid_request","code":"quota_exceeded","message":"This request exceeds your quota of 10000. You have 0 credits remaining, while 40 credits are required for this request.","status":"quota_exceeded","request_id":"23c82439dc8cb35bbf4eb1b5acc79c53"}}
WARN 157: attempt 3/4: HTTP 401: {"detail":{"type":"invalid_request","code":"quota_exceeded","message":"This request exceeds your quota of 10000. You have 0 credits remaining, while 40 credits are required for this request.","status":"quota_exceeded","request_id":"e4c00520dcead16daeadfc3bc0db3e70"}}
WARN 157: attempt 4/4: HTTP 401: {"detail":{"type":"invalid_request","code":"quota_exceeded","message":"This request exceeds your quota of 10000. You have 0 credits remaining, while 40 credits are required for this request.","status":"quota_exceeded","request_id":"2f2e82462c84e58ffa9c5013ad481925"}}
WARN 607: attempt 1/4: HTTP 401: {"detail":{"type":"invalid_request","code":"quota_exceeded","message":"This request exceeds your quota of 10000. You have 0 credits remaining, while 40 credits are required for this request.","status":"quota_exceeded","request_id":"fba4a0e76f268b024470beac3cb17863"}}
WARN 607: attempt 2/4: HTTP 401: {"detail":{"type":"invalid_request","code":"quota_exceeded","message":"This request exceeds your quota of 10000. You have 0 credits remaining, while 40 credits are required for this request.","status":"quota_exceeded","request_id":"2847f61b1df48c3d7c1cfbf626e36965"}}
WARN 607: attempt 3/4: HTTP 401: {"detail":{"type":"invalid_request","code":"quota_exceeded","message":"This request exceeds your quota of 10000. You have 0 credits remaining, while 40 credits are required for this request.","status":"quota_exceeded","request_id":"2d4e59aac804819c16aab6657f5b4bfd"}}
WARN 607: attempt 4/4: HTTP 401: {"detail":{"type":"invalid_request","code":"quota_exceeded","message":"This request exceeds your quota of 10000. You have 0 credits remaining, while 40 credits are required for this request.","status":"quota_exceeded","request_id":"59a7af784086a75db8e9f2a7b2c81c89"}}
selected 2 scenario(s)
done: generated=0, skipped=0, failed=2
=== wariant v4 ===
WARN 157: attempt 1/4: HTTP 401: {"detail":{"type":"invalid_request","code":"quota_exceeded","message":"This request exceeds your quota of 10000. You have 0 credits remaining, while 40 credits are required for this request.","status":"quota_exceeded","request_id":"7e4e6d001b0ddf592fa7c4c59c0db00b"}}
WARN 157: attempt 2/4: HTTP 401: {"detail":{"type":"invalid_request","code":"quota_exceeded","message":"This request exceeds your quota of 10000. You have 0 credits remaining, while 40 credits are required for this request.","status":"quota_exceeded","request_id":"50ea946d6f37a6fd1f5626b7f5ef7ae3"}}
WARN 157: attempt 3/4: HTTP 401: {"detail":{"type":"invalid_request","code":"quota_exceeded","message":"This request exceeds your quota of 10000. You have 0 credits remaining, while 40 credits are required for this request.","status":"quota_exceeded","request_id":"7a5f0af19a4532767c3de3f7e73c87a5"}}
WARN 157: attempt 4/4: HTTP 401: {"detail":{"type":"invalid_request","code":"quota_exceeded","message":"This request exceeds your quota of 10000. You have 0 credits remaining, while 40 credits are required for this request.","status":"quota_exceeded","request_id":"b353cd83d2c457aac0667d5529f0d13e"}}
WARN 607: attempt 1/4: HTTP 401: {"detail":{"type":"invalid_request","code":"quota_exceeded","message":"This request exceeds your quota of 10000. You have 0 credits remaining, while 40 credits are required for this request.","status":"quota_exceeded","request_id":"2a0defc2a1bcf918560d682d7b247873"}}
WARN 607: attempt 2/4: HTTP 401: {"detail":{"type":"invalid_request","code":"quota_exceeded","message":"This request exceeds your quota of 10000. You have 0 credits remaining, while 40 credits are required for this request.","status":"quota_exceeded","request_id":"59195394b6ffcf4c9feb9170c312592e"}}
WARN 607: attempt 3/4: HTTP 401: {"detail":{"type":"invalid_request","code":"quota_exceeded","message":"This request exceeds your quota of 10000. You have 0 credits remaining, while 40 credits are required for this request.","status":"quota_exceeded","request_id":"01cdb4c22676cfb290e3e0d9d69bc7fb"}}
WARN 607: attempt 4/4: HTTP 401: {"detail":{"type":"invalid_request","code":"quota_exceeded","message":"This request exceeds your quota of 10000. You have 0 credits remaining, while 40 credits are required for this request.","status":"quota_exceeded","request_id":"f5753ef1fc4ae43fd168b8042b893990"}}
selected 2 scenario(s)
done: generated=0, skipped=0, failed=2
=== wariant v5 ===
WARN 157: attempt 1/4: HTTP 401: {"detail":{"type":"invalid_request","code":"quota_exceeded","message":"This request exceeds your quota of 10000. You have 0 credits remaining, while 40 credits are required for this request.","status":"quota_exceeded","request_id":"3ac333651e4298a4cdad97be314eb727"}}
WARN 157: attempt 2/4: HTTP 401: {"detail":{"type":"invalid_request","code":"quota_exceeded","message":"This request exceeds your quota of 10000. You have 0 credits remaining, while 40 credits are required for this request.","status":"quota_exceeded","request_id":"7521502592bb890d4314449094f38d3c"}}
WARN 157: attempt 3/4: HTTP 401: {"detail":{"type":"invalid_request","code":"quota_exceeded","message":"This request exceeds your quota of 10000. You have 0 credits remaining, while 40 credits are required for this request.","status":"quota_exceeded","request_id":"921f3e634fe79011bbeb931cb9ef1c51"}}
WARN 157: attempt 4/4: HTTP 401: {"detail":{"type":"invalid_request","code":"quota_exceeded","message":"This request exceeds your quota of 10000. You have 0 credits remaining, while 40 credits are required for this request.","status":"quota_exceeded","request_id":"fae336b74258e8a87081e6e4133e5100"}}
WARN 607: attempt 1/4: HTTP 401: {"detail":{"type":"invalid_request","code":"quota_exceeded","message":"This request exceeds your quota of 10000. You have 0 credits remaining, while 40 credits are required for this request.","status":"quota_exceeded","request_id":"56e6d3e1cae05947ca7cd3e8b1ff3693"}}
WARN 607: attempt 2/4: HTTP 401: {"detail":{"type":"invalid_request","code":"quota_exceeded","message":"This request exceeds your quota of 10000. You have 0 credits remaining, while 40 credits are required for this request.","status":"quota_exceeded","request_id":"d06c448ffdb075b1ad7c8bedfeeb2825"}}
WARN 607: attempt 3/4: HTTP 401: {"detail":{"type":"invalid_request","code":"quota_exceeded","message":"This request exceeds your quota of 10000. You have 0 credits remaining, while 40 credits are required for this request.","status":"quota_exceeded","request_id":"d824821c633011c9821344b169d2048f"}}
WARN 607: attempt 4/4: HTTP 401: {"detail":{"type":"invalid_request","code":"quota_exceeded","message":"This request exceeds your quota of 10000. You have 0 credits remaining, while 40 credits are required for this request.","status":"quota_exceeded","request_id":"1b4bf1671922e7de980a7981f5e5536a"}}
selected 2 scenario(s)
done: generated=0, skipped=0, failed=2
