=== wariant v1 ===
No selected ready scenario for IDs: ['341', '348']
=== wariant v2 ===
No selected ready scenario for IDs: ['341', '348']
=== wariant v3 ===
No selected ready scenario for IDs: ['341', '348']
=== wariant v4 ===
No selected ready scenario for IDs: ['341', '348']
=== wariant v5 ===
No selected ready scenario for IDs: ['341', '348']
=== wariant v1 ===
selected 2 scenario(s)
OK 341: variants/r098/v1/341.mp3 (65245 bytes)
OK 348: variants/r098/v1/348.mp3 (65245 bytes)
done: generated=2, skipped=0, failed=0
=== wariant v2 ===
selected 2 scenario(s)
OK 341: variants/r098/v2/341.mp3 (65245 bytes)
OK 348: variants/r098/v2/348.mp3 (65245 bytes)
done: generated=2, skipped=0, failed=0
=== wariant v3 ===
selected 2 scenario(s)
OK 341: variants/r098/v3/341.mp3 (65245 bytes)
OK 348: variants/r098/v3/348.mp3 (65245 bytes)
done: generated=2, skipped=0, failed=0
=== wariant v4 ===
selected 2 scenario(s)
OK 341: variants/r098/v4/341.mp3 (65245 bytes)
OK 348: variants/r098/v4/348.mp3 (65245 bytes)
done: generated=2, skipped=0, failed=0
=== wariant v5 ===
selected 2 scenario(s)
OK 341: variants/r098/v5/341.mp3 (65245 bytes)
OK 348: variants/r098/v5/348.mp3 (65245 bytes)
done: generated=2, skipped=0, failed=0
